// Jest Snapshot v1, https://goo.gl/fbAQLP

exports[`DefaultContent component should match snapshot 1`] = `
ShallowWrapper {
  Symbol(enzyme.__root__): [Circular],
  Symbol(enzyme.__unrendered__): <DefaultContent
    Icon={[Function]}
    primaryText="primary text"
    secondaryTexts={
      Array [
        "text",
        "more text",
      ]
    }
  />,
  Symbol(enzyme.__renderer__): Object {
    "batchedUpdates": [Function],
    "checkPropTypes": [Function],
    "getNode": [Function],
    "render": [Function],
    "simulateError": [Function],
    "simulateEvent": [Function],
    "unmount": [Function],
  },
  Symbol(enzyme.__node__): Object {
    "instance": null,
    "key": undefined,
    "nodeType": "function",
    "props": Object {
      "children": Array [
        <ForwardRef>
          <Icon />
        </ForwardRef>,
        <ForwardRef>
          primary text
        </ForwardRef>,
        Array [
          <ForwardRef>
            text
          </ForwardRef>,
          <ForwardRef>
            more text
          </ForwardRef>,
        ],
        undefined,
      ],
    },
    "ref": null,
    "rendered": Array [
      Object {
        "instance": null,
        "key": undefined,
        "nodeType": "function",
        "props": Object {
          "children": <Icon />,
        },
        "ref": null,
        "rendered": Object {
          "instance": null,
          "key": undefined,
          "nodeType": "function",
          "props": Object {},
          "ref": null,
          "rendered": null,
          "type": [Function],
        },
        "type": Object {
          "$$typeof": Symbol(react.forward_ref),
          "attrs": Array [],
          "componentStyle": ComponentStyle {
            "componentId": "sc-bwzfXH",
            "isStatic": true,
            "rules": Array [
              "
  margin-bottom: ",
              "0.6875rem",
              ";

  ",
              "
    @media (min-width: ",
              "62rem",
              ") {
      ",
              "
    margin-bottom: ",
              "0.9375rem",
              ";
  ",
              ";
    }
  ",
              ";
",
            ],
          },
          "displayName": "styled.div",
          "foldedComponentIds": Array [],
          "render": [Function],
          "styledComponentId": "sc-bwzfXH",
          "target": "div",
          "toString": [Function],
          "warnTooManyClasses": [Function],
          "withComponent": [Function],
        },
      },
      Object {
        "instance": null,
        "key": undefined,
        "nodeType": "function",
        "props": Object {
          "children": "primary text",
        },
        "ref": null,
        "rendered": "primary text",
        "type": Object {
          "$$typeof": Symbol(react.forward_ref),
          "attrs": Array [],
          "componentStyle": ComponentStyle {
            "componentId": "sc-htpNat",
            "isStatic": true,
            "rules": Array [
              "
  font-size: ",
              "1rem",
              ";
  letter-spacing: ",
              "0.03125rem",
              ";
  text-align: left;
  color: ",
              "#374654",
              ";
  margin-bottom: ",
              "0.625rem",
              ";
  display: inline-block;
  text-align: center;

  ",
              "
    @media (min-width: ",
              "62rem",
              ") {
      ",
              "
    font-size: ",
              "1.75rem",
              ";
    margin-bottom: ",
              "1.25rem",
              ";
  ",
              ";
    }
  ",
              ";
",
            ],
          },
          "displayName": "styled.h3",
          "foldedComponentIds": Array [],
          "render": [Function],
          "styledComponentId": "sc-htpNat",
          "target": "h3",
          "toString": [Function],
          "warnTooManyClasses": [Function],
          "withComponent": [Function],
        },
      },
      Object {
        "instance": null,
        "key": "1TTvpiUzA",
        "nodeType": "function",
        "props": Object {
          "children": "text",
        },
        "ref": null,
        "rendered": "text",
        "type": Object {
          "$$typeof": Symbol(react.forward_ref),
          "attrs": Array [],
          "componentStyle": ComponentStyle {
            "componentId": "sc-bxivhb",
            "isStatic": true,
            "rules": Array [
              "
  font-size: ",
              "0.8125rem",
              ";
  letter-spacing: ",
              "0.0375rem",
              ";
  color: ",
              "#5b6b75",
              ";
  line-height: 1.45;
  text-align: center;

  ",
              "
    @media (min-width: ",
              "62rem",
              ") {
      ",
              "
    font-size: ",
              "1.375rem",
              ";
    line-height: 1.45;
  ",
              ";
    }
  ",
              ";
",
            ],
          },
          "displayName": "styled.p",
          "foldedComponentIds": Array [],
          "render": [Function],
          "styledComponentId": "sc-bxivhb",
          "target": "p",
          "toString": [Function],
          "warnTooManyClasses": [Function],
          "withComponent": [Function],
        },
      },
      Object {
        "instance": null,
        "key": "XgZQZBwDHm",
        "nodeType": "function",
        "props": Object {
          "children": "more text",
        },
        "ref": null,
        "rendered": "more text",
        "type": Object {
          "$$typeof": Symbol(react.forward_ref),
          "attrs": Array [],
          "componentStyle": ComponentStyle {
            "componentId": "sc-bxivhb",
            "isStatic": true,
            "rules": Array [
              "
  font-size: ",
              "0.8125rem",
              ";
  letter-spacing: ",
              "0.0375rem",
              ";
  color: ",
              "#5b6b75",
              ";
  line-height: 1.45;
  text-align: center;

  ",
              "
    @media (min-width: ",
              "62rem",
              ") {
      ",
              "
    font-size: ",
              "1.375rem",
              ";
    line-height: 1.45;
  ",
              ";
    }
  ",
              ";
",
            ],
          },
          "displayName": "styled.p",
          "foldedComponentIds": Array [],
          "render": [Function],
          "styledComponentId": "sc-bxivhb",
          "target": "p",
          "toString": [Function],
          "warnTooManyClasses": [Function],
          "withComponent": [Function],
        },
      },
      undefined,
    ],
    "type": Object {
      "$$typeof": Symbol(react.forward_ref),
      "attrs": Array [],
      "componentStyle": ComponentStyle {
        "componentId": "sc-bdVaJa",
        "isStatic": true,
        "rules": Array [
          "
  text-align: center;
  padding: ",
          "1.5625rem",
          " ",
          "0.625rem",
          ";

  ",
          "
    @media (min-width: ",
          "62rem",
          ") {
      ",
          "
    padding: ",
          "3.125rem",
          " ",
          "0.625rem",
          ";
  ",
          ";
    }
  ",
          ";
",
        ],
      },
      "displayName": "styled.div",
      "foldedComponentIds": Array [],
      "render": [Function],
      "styledComponentId": "sc-bdVaJa",
      "target": "div",
      "toString": [Function],
      "warnTooManyClasses": [Function],
      "withComponent": [Function],
    },
  },
  Symbol(enzyme.__nodes__): Array [
    Object {
      "instance": null,
      "key": undefined,
      "nodeType": "function",
      "props": Object {
        "children": Array [
          <ForwardRef>
            <Icon />
          </ForwardRef>,
          <ForwardRef>
            primary text
          </ForwardRef>,
          Array [
            <ForwardRef>
              text
            </ForwardRef>,
            <ForwardRef>
              more text
            </ForwardRef>,
          ],
          undefined,
        ],
      },
      "ref": null,
      "rendered": Array [
        Object {
          "instance": null,
          "key": undefined,
          "nodeType": "function",
          "props": Object {
            "children": <Icon />,
          },
          "ref": null,
          "rendered": Object {
            "instance": null,
            "key": undefined,
            "nodeType": "function",
            "props": Object {},
            "ref": null,
            "rendered": null,
            "type": [Function],
          },
          "type": Object {
            "$$typeof": Symbol(react.forward_ref),
            "attrs": Array [],
            "componentStyle": ComponentStyle {
              "componentId": "sc-bwzfXH",
              "isStatic": true,
              "rules": Array [
                "
  margin-bottom: ",
                "0.6875rem",
                ";

  ",
                "
    @media (min-width: ",
                "62rem",
                ") {
      ",
                "
    margin-bottom: ",
                "0.9375rem",
                ";
  ",
                ";
    }
  ",
                ";
",
              ],
            },
            "displayName": "styled.div",
            "foldedComponentIds": Array [],
            "render": [Function],
            "styledComponentId": "sc-bwzfXH",
            "target": "div",
            "toString": [Function],
            "warnTooManyClasses": [Function],
            "withComponent": [Function],
          },
        },
        Object {
          "instance": null,
          "key": undefined,
          "nodeType": "function",
          "props": Object {
            "children": "primary text",
          },
          "ref": null,
          "rendered": "primary text",
          "type": Object {
            "$$typeof": Symbol(react.forward_ref),
            "attrs": Array [],
            "componentStyle": ComponentStyle {
              "componentId": "sc-htpNat",
              "isStatic": true,
              "rules": Array [
                "
  font-size: ",
                "1rem",
                ";
  letter-spacing: ",
                "0.03125rem",
                ";
  text-align: left;
  color: ",
                "#374654",
                ";
  margin-bottom: ",
                "0.625rem",
                ";
  display: inline-block;
  text-align: center;

  ",
                "
    @media (min-width: ",
                "62rem",
                ") {
      ",
                "
    font-size: ",
                "1.75rem",
                ";
    margin-bottom: ",
                "1.25rem",
                ";
  ",
                ";
    }
  ",
                ";
",
              ],
            },
            "displayName": "styled.h3",
            "foldedComponentIds": Array [],
            "render": [Function],
            "styledComponentId": "sc-htpNat",
            "target": "h3",
            "toString": [Function],
            "warnTooManyClasses": [Function],
            "withComponent": [Function],
          },
        },
        Object {
          "instance": null,
          "key": "1TTvpiUzA",
          "nodeType": "function",
          "props": Object {
            "children": "text",
          },
          "ref": null,
          "rendered": "text",
          "type": Object {
            "$$typeof": Symbol(react.forward_ref),
            "attrs": Array [],
            "componentStyle": ComponentStyle {
              "componentId": "sc-bxivhb",
              "isStatic": true,
              "rules": Array [
                "
  font-size: ",
                "0.8125rem",
                ";
  letter-spacing: ",
                "0.0375rem",
                ";
  color: ",
                "#5b6b75",
                ";
  line-height: 1.45;
  text-align: center;

  ",
                "
    @media (min-width: ",
                "62rem",
                ") {
      ",
                "
    font-size: ",
                "1.375rem",
                ";
    line-height: 1.45;
  ",
                ";
    }
  ",
                ";
",
              ],
            },
            "displayName": "styled.p",
            "foldedComponentIds": Array [],
            "render": [Function],
            "styledComponentId": "sc-bxivhb",
            "target": "p",
            "toString": [Function],
            "warnTooManyClasses": [Function],
            "withComponent": [Function],
          },
        },
        Object {
          "instance": null,
          "key": "XgZQZBwDHm",
          "nodeType": "function",
          "props": Object {
            "children": "more text",
          },
          "ref": null,
          "rendered": "more text",
          "type": Object {
            "$$typeof": Symbol(react.forward_ref),
            "attrs": Array [],
            "componentStyle": ComponentStyle {
              "componentId": "sc-bxivhb",
              "isStatic": true,
              "rules": Array [
                "
  font-size: ",
                "0.8125rem",
                ";
  letter-spacing: ",
                "0.0375rem",
                ";
  color: ",
                "#5b6b75",
                ";
  line-height: 1.45;
  text-align: center;

  ",
                "
    @media (min-width: ",
                "62rem",
                ") {
      ",
                "
    font-size: ",
                "1.375rem",
                ";
    line-height: 1.45;
  ",
                ";
    }
  ",
                ";
",
              ],
            },
            "displayName": "styled.p",
            "foldedComponentIds": Array [],
            "render": [Function],
            "styledComponentId": "sc-bxivhb",
            "target": "p",
            "toString": [Function],
            "warnTooManyClasses": [Function],
            "withComponent": [Function],
          },
        },
        undefined,
      ],
      "type": Object {
        "$$typeof": Symbol(react.forward_ref),
        "attrs": Array [],
        "componentStyle": ComponentStyle {
          "componentId": "sc-bdVaJa",
          "isStatic": true,
          "rules": Array [
            "
  text-align: center;
  padding: ",
            "1.5625rem",
            " ",
            "0.625rem",
            ";

  ",
            "
    @media (min-width: ",
            "62rem",
            ") {
      ",
            "
    padding: ",
            "3.125rem",
            " ",
            "0.625rem",
            ";
  ",
            ";
    }
  ",
            ";
",
          ],
        },
        "displayName": "styled.div",
        "foldedComponentIds": Array [],
        "render": [Function],
        "styledComponentId": "sc-bdVaJa",
        "target": "div",
        "toString": [Function],
        "warnTooManyClasses": [Function],
        "withComponent": [Function],
      },
    },
  ],
  Symbol(enzyme.__options__): Object {
    "adapter": ReactSixteenAdapter {
      "options": Object {
        "enableComponentDidUpdateOnSetState": true,
        "legacyContextMode": "parent",
        "lifecycles": Object {
          "componentDidUpdate": Object {
            "onSetState": true,
          },
          "getChildContext": Object {
            "calledByRenderer": false,
          },
          "getDerivedStateFromError": true,
          "getDerivedStateFromProps": Object {
            "hasShouldComponentUpdateBug": false,
          },
          "getSnapshotBeforeUpdate": true,
          "setState": Object {
            "skipsComponentDidUpdateOnNullish": true,
          },
        },
      },
    },
    Symbol(enzyme.__providerValues__): undefined,
  },
  Symbol(enzyme.__providerValues__): Map {},
}
`;
