// Jest Snapshot v1, https://goo.gl/fbAQLP

exports[`SidebarMenu component should match snapshot 1`] = `
<styled.ul>
  <styled.div />
  <styled.li
    active={false}
    onClick={[Function]}
  >
    <styled.div />
    NEWS
  </styled.li>
  <styled.li
    active={false}
    onClick={[Function]}
  >
    <styled.div />
    OUR VISION
  </styled.li>
  <styled.li
    active={false}
    onClick={[Function]}
  >
    <styled.div />
    CONTACT
  </styled.li>
</styled.ul>
`;
