// Jest Snapshot v1, https://goo.gl/fbAQLP

exports[`Dashboard Filters component should match snapshot 1`] = `
<div
  className="sc-jnlKLf hnycuA"
  data-test="DashboardFilters"
>
  <form
    className="sc-VigVT kniBHG"
    onSubmit={[Function]}
  >
    <div
      className="sc-chPdSV eWUxCg"
      data-test="FilterInfo"
      onClick={[Function]}
    >
      <div
        className="sc-jTzLTM egpMVg"
      >
        <span
          className="sc-gZMcBi iwFlzl"
          color={null}
          height={null}
          width={null}
        >
          <svg
            height="16"
            viewBox="0 0 13 16"
            width="13"
            xmlns="http://www.w3.org/2000/svg"
          >
            <path
              d="M11.153 8.547a2.201 2.201 0 0 1-4.204 0H1.291a.647.647 0 1 1 0-1.293h5.658a2.201 2.201 0 0 1 4.204 0h.485a.647.647 0 0 1 0 1.293h-.485zM9.05 6.995a.906.906 0 0 0 0 1.81.906.906 0 0 0 0-1.81zM5.462 3.503a2.201 2.201 0 0 1-4.204 0 .647.647 0 0 1 0-1.292 2.201 2.201 0 0 1 4.204 0l6.176-.001a.647.647 0 1 1 0 1.293H5.462zM3.36 1.951a.906.906 0 0 0 0 1.81.906.906 0 0 0 0-1.81zm3.913 11.64a2.201 2.201 0 0 1-4.204 0H1.291a.647.647 0 1 1 0-1.293h1.778a2.201 2.201 0 0 1 4.204 0h4.365a.647.647 0 1 1 0 1.293H7.273zM5.17 12.04a.906.906 0 0 0 0 1.811.906.906 0 0 0 0-1.81z"
              fill="currentColor"
              fillRule="nonzero"
            />
          </svg>
        </span>
      </div>
      <h1
        className="sc-fjdhpX fXnZDT"
      >
        :
        <span
          className="sc-jzJRlG jfwfmz"
        />
      </h1>
      <div
        className="sc-cSHVUG egXZMF"
      >
        <span
          className="sc-gZMcBi iwFlzl"
          color={null}
          height={null}
          width={null}
        >
          <svg
            height="6"
            viewBox="0 0 9 6"
            width="9"
            xmlns="http://www.w3.org/2000/svg"
          >
            <path
              d="M1.337.67l3.158 3.508L7.653.67a.469.469 0 0 1 .704 0 .606.606 0 0 1 0 .782l-3.51 3.89a.469.469 0 0 1-.704 0l-3.5-3.9a.606.606 0 0 1 0-.783.45.45 0 0 1 .694.011z"
              fill="currentColor"
              fillRule="nonzero"
            />
          </svg>
        </span>
      </div>
    </div>
    <div
      className="sc-dxgOiQ gKHVKT"
      data-test="FilterForm"
    >
      <div
        className="sc-kgoBCf djoFOv"
      >
        <div
          className="sc-fYxtnH gjvkRQ"
        >
          <label
            className="sc-gGBfsJ iijukB"
          />
          <div
            className="sc-jbKcbu krJPtr"
            width={100}
          >
            <select
              className="sc-hqyNC ddaAjX"
              data-test="DashboardCategoryFilter"
              name="type"
              onBlur={[Function]}
              onChange={[Function]}
              required={true}
              value="history"
            >
              <option
                key="0"
                value="all_transfers"
              />
              <option
                key="1"
                value="pendencies"
              />
              <option
                key="2"
                value="scheduled_transfers"
              />
              <option
                key="3"
                value="history"
              />
            </select>
            <div
              className="sc-jqCOkK jbYBhL"
            >
              <span
                className="sc-uJMKN kVKWxR"
                color={null}
                height="10"
                width="10"
              >
                <svg
                  height="6"
                  viewBox="0 0 9 6"
                  width="9"
                  xmlns="http://www.w3.org/2000/svg"
                >
                  <path
                    d="M1.337.67l3.158 3.508L7.653.67a.469.469 0 0 1 .704 0 .606.606 0 0 1 0 .782l-3.51 3.89a.469.469 0 0 1-.704 0l-3.5-3.9a.606.606 0 0 1 0-.783.45.45 0 0 1 .694.011z"
                    fill="currentColor"
                    fillRule="nonzero"
                  />
                </svg>
              </span>
            </div>
          </div>
        </div>
        <div
          className="sc-fYxtnH gjvkRQ"
        >
          <label
            className="sc-gGBfsJ iijukB"
          />
          <div
            className="sc-jbKcbu krJPtr"
            width={100}
          >
            <select
              className="sc-hqyNC ddaAjX"
              data-test="DashboardRangeFilter"
              name="range"
              onBlur={[Function]}
              onChange={[Function]}
              required={true}
              value={15}
            >
              <option
                key="0"
                value={15}
              />
              <option
                key="1"
                value={30}
              />
              <option
                key="2"
                value={60}
              />
            </select>
            <div
              className="sc-jqCOkK jbYBhL"
            >
              <span
                className="sc-uJMKN kVKWxR"
                color={null}
                height="10"
                width="10"
              >
                <svg
                  height="6"
                  viewBox="0 0 9 6"
                  width="9"
                  xmlns="http://www.w3.org/2000/svg"
                >
                  <path
                    d="M1.337.67l3.158 3.508L7.653.67a.469.469 0 0 1 .704 0 .606.606 0 0 1 0 .782l-3.51 3.89a.469.469 0 0 1-.704 0l-3.5-3.9a.606.606 0 0 1 0-.783.45.45 0 0 1 .694.011z"
                    fill="currentColor"
                    fillRule="nonzero"
                  />
                </svg>
              </span>
            </div>
          </div>
        </div>
      </div>
      <button
        className="sc-htpNat dZrlFb"
        data-test="Button"
        disabled={false}
        onClick={null}
        type="submit"
        width={110}
      />
    </div>
  </form>
</div>
`;
